---
source: crates/amalgam-parser/tests/snapshot_test.rs
expression: content
---
# Module: MultiRef.v1.test.io

{
  MultiRef = {
    metadata | optional | ObjectMeta,
    spec | optional | {
      resources | optional | Dyn,
      selector | optional | Dyn,
      volumes | optional | Array Dyn,
    },
  },
}
